// Jest Snapshot v1, https://goo.gl/fbAQLP

exports[`AddProperty renders a component 1`] = `[Function]`;
