// Jest Snapshot v1, https://goo.gl/fbAQLP

exports[`App renders a component 1`] = `[Function]`;

exports[`App renders correctly 1`] = `[Function]`;
