// Jest Snapshot v1, https://goo.gl/fbAQLP

exports[`Favourites renders a component 1`] = `[Function]`;

exports[`Favourites renders correctly 1`] = `[Function]`;
