// Jest Snapshot v1, https://goo.gl/fbAQLP

exports[`FavouriteCard renders correctly 1`] = `[Function]`;
